// Jest Snapshot v1, https://goo.gl/fbAQLP

exports[`GameFooter Component component renders 1`] = `
<View
  style={
    {
      "alignItems": "center",
      "backgroundColor": "#1A1F26",
      "bottom": 0,
      "flexDirection": "row",
      "justifyContent": "space-between",
      "left": 0,
      "padding": 12,
      "position": "absolute",
      "right": 0,
    }
  }
  testID="gameFooter"
>
  <Text
    onPress={[Function]}
    style={
      {
        "color": "#0066b2",
        "textAlign": "center",
      }
    }
    testID="sourceLink"
  >
    Source: Rawg.io
  </Text>
  <Text
    style={
      {
        "color": "#F3F4F8",
      }
    }
  >
    App developed by Malia Pagley
  </Text>
</View>
`;

exports[`GameFooter Component handles press event correctly 1`] = `
<View
  style={
    {
      "alignItems": "center",
      "backgroundColor": "#1A1F26",
      "bottom": 0,
      "flexDirection": "row",
      "justifyContent": "space-between",
      "left": 0,
      "padding": 12,
      "position": "absolute",
      "right": 0,
    }
  }
  testID="gameFooter"
>
  <Text
    onPress={[Function]}
    style={
      {
        "color": "#0066b2",
        "textAlign": "center",
      }
    }
    testID="sourceLink"
  >
    Source: Rawg.io
  </Text>
  <Text
    style={
      {
        "color": "#F3F4F8",
      }
    }
  >
    App developed by Malia Pagley
  </Text>
</View>
`;
